替换 1: ★室内自主游戏
替换 2: 加点能量
替换 3: 早操律动
替换 4: 制作
替换 5: 户外体育游戏
替换 6: ★户外自主游戏
跳过 1: 生活活动
跳过 2: 生活活动
跳过 3: 餐前活动
跳过 4: 香香进餐
跳过 5: 餐后活动
替换 7: ★室内自主游戏
替换 8: 加点能量
替换 9: 早操律动
替换 10: 制作

✅ 替换完成！
替换: 10 个活动
跳过: 5 个活动
输出文件: 保教日志_替换后.docx
